###############################################################################
#
# IAR ELF Linker V9.30.1.335/W64 for ARM                  23/Oct/2025  15:25:42
# Copyright 2007-2022 IAR Systems AB.
#
#    Output file  =
#        E:\MCU\AT32\at32f421k8\project\IAR_V9.3\at32f421k8\Exe\at32f421k8.out
#    Map file     =
#        E:\MCU\AT32\at32f421k8\project\IAR_V9.3\at32f421k8\List\at32f421k8.map
#    Command line =
#        -f
#        E:\MCU\AT32\at32f421k8\project\IAR_V9.3\at32f421k8\Exe\at32f421k8.out.rsp
#        (E:\MCU\AT32\at32f421k8\project\IAR_V9.3\at32f421k8\Obj\bsp\ar_tim.o
#        E:\MCU\AT32\at32f421k8\project\IAR_V9.3\at32f421k8\Obj\bsp\ar_water_det.o
#        E:\MCU\AT32\at32f421k8\project\IAR_V9.3\at32f421k8\Obj\firmware\at32f421_adc.o
#        E:\MCU\AT32\at32f421k8\project\IAR_V9.3\at32f421k8\Obj\firmware\at32f421_crm.o
#        E:\MCU\AT32\at32f421k8\project\IAR_V9.3\at32f421k8\Obj\firmware\at32f421_debug.o
#        E:\MCU\AT32\at32f421k8\project\IAR_V9.3\at32f421k8\Obj\firmware\at32f421_dma.o
#        E:\MCU\AT32\at32f421k8\project\IAR_V9.3\at32f421k8\Obj\firmware\at32f421_exint.o
#        E:\MCU\AT32\at32f421k8\project\IAR_V9.3\at32f421k8\Obj\firmware\at32f421_flash.o
#        E:\MCU\AT32\at32f421k8\project\IAR_V9.3\at32f421k8\Obj\firmware\at32f421_gpio.o
#        E:\MCU\AT32\at32f421k8\project\IAR_V9.3\at32f421k8\Obj\user\at32f421_int.o
#        E:\MCU\AT32\at32f421k8\project\IAR_V9.3\at32f421k8\Obj\firmware\at32f421_misc.o
#        E:\MCU\AT32\at32f421k8\project\IAR_V9.3\at32f421k8\Obj\firmware\at32f421_pwc.o
#        E:\MCU\AT32\at32f421k8\project\IAR_V9.3\at32f421k8\Obj\firmware\at32f421_scfg.o
#        E:\MCU\AT32\at32f421k8\project\IAR_V9.3\at32f421k8\Obj\firmware\at32f421_tmr.o
#        E:\MCU\AT32\at32f421k8\project\IAR_V9.3\at32f421k8\Obj\firmware\at32f421_usart.o
#        E:\MCU\AT32\at32f421k8\project\IAR_V9.3\at32f421k8\Obj\user\at32f421_wk_config.o
#        E:\MCU\AT32\at32f421k8\project\IAR_V9.3\at32f421k8\Obj\user\main.o
#        E:\MCU\AT32\at32f421k8\project\IAR_V9.3\at32f421k8\Obj\cmsis\startup_at32f421.o
#        E:\MCU\AT32\at32f421k8\project\IAR_V9.3\at32f421k8\Obj\cmsis\system_at32f421.o
#        E:\MCU\AT32\at32f421k8\project\IAR_V9.3\at32f421k8\Obj\user\wk_system.o
#        --no_out_extension -o
#        E:\MCU\AT32\at32f421k8\project\IAR_V9.3\at32f421k8\Exe\at32f421k8.out
#        --map
#        E:\MCU\AT32\at32f421k8\project\IAR_V9.3\at32f421k8\List\at32f421k8.map
#        --config E:\MCU\AT32\at32f421k8\project\IAR_V9.3\AT32F421x8.icf
#        --semihosting --entry __iar_program_start --vfe --text_out locale
#        --cpu=Cortex-M4 --fpu=None)
#
###############################################################################

*******************************************************************************
*** RUNTIME MODEL ATTRIBUTES
***

CppFlavor       = *
__CPP_Runtime   = 1
__SystemLibrary = DLib
__dlib_version  = 6


*******************************************************************************
*** HEAP SELECTION
***

The basic heap was selected because --advanced_heap
was not specified and the application did not appear to
be primarily optimized for speed.


*******************************************************************************
*** PLACEMENT SUMMARY
***

"A0":  place at address 0x800'0000 { ro section .intvec };
"P1":  place in [from 0x800'0000 to 0x800'ffff] { ro };
define block CSTACK with size = 1K, alignment = 8 { };
define block HEAP with size = 512, alignment = 8 { };
"P2":  place in [from 0x2000'0000 to 0x2000'3fff] {
          rw, block CSTACK, block HEAP };
initialize by copy { rw };

  Section            Kind         Address    Size  Object
  -------            ----         -------    ----  ------
"A0":                                        0xcc
  .intvec            ro code   0x800'0000    0xcc  startup_at32f421.o [2]
                             - 0x800'00cc    0xcc

"P1":                                      0x2415
  .text              ro code   0x800'00cc   0xa30  at32f421_wk_config.o [4]
  .text              ro code   0x800'0afc   0x488  at32f421_crm.o [3]
  .text              ro code   0x800'0f84   0x1a4  system_at32f421.o [2]
  .text              ro code   0x800'1128   0x10c  at32f421_misc.o [3]
  .text              ro code   0x800'1234    0xf4  at32f421_gpio.o [3]
  .text              ro code   0x800'1328    0xac  at32f421_scfg.o [3]
  .text              ro code   0x800'13d4    0x90  at32f421_exint.o [3]
  .text              ro code   0x800'1464   0x1e6  at32f421_adc.o [3]
  .text              ro code   0x800'164a    0x3a  packbits_init_single.o [6]
  .text              ro code   0x800'1684   0x30c  at32f421_tmr.o [3]
  .text              ro code   0x800'1990   0x1ae  at32f421_usart.o [3]
  .text              ro code   0x800'1b40    0xe4  at32f421_dma.o [3]
  .text              ro code   0x800'1c24   0x230  I64DivMod.o [6]
  .text              ro code   0x800'1e54     0x2  I64DivZer.o [6]
  .text              ro code   0x800'1e56   0x13c  xprintftiny.o [5]
  .text              ro code   0x800'1f94    0x36  strlen.o [6]
  .text              ro code   0x800'1fcc    0xec  at32f421_int.o [4]
  .text              ro code   0x800'20b8     0x8  wk_system.o [4]
  .text              ro code   0x800'20c0    0x6c  ar_water_det.o [1]
  .text              ro code   0x800'212c    0x10  wk_system.o [4]
  .text              ro code   0x800'213c    0xec  main.o [4]
  .text              ro code   0x800'2228    0x44  wk_system.o [4]
  .text              ro code   0x800'226c    0x28  printf.o [5]
  .text              ro code   0x800'2294    0x1e  wk_system.o [4]
  .text              ro code   0x800'22b4     0xc  wk_system.o [4]
  .text              ro code   0x800'22c0    0x44  putchar.o [5]
  .text              ro code   0x800'2304    0x38  zero_init3.o [6]
  .text              ro code   0x800'233c    0x28  data_init.o [6]
  .iar.init_table    const     0x800'2364    0x20  - Linker created -
  .text              ro code   0x800'2384    0x1e  cmain.o [6]
  .text              ro code   0x800'23a2     0x4  low_level_init.o [5]
  .text              ro code   0x800'23a6     0x4  exit.o [5]
  .text              ro code   0x800'23ac     0xa  cexit.o [6]
  .text              ro code   0x800'23b8    0x14  exit.o [7]
  .text              ro code   0x800'23cc    0x1c  cstartup_M.o [6]
  .rodata            const     0x800'23e8    0x18  main.o [4]
  .text              ro code   0x800'2400    0x16  xprout.o [5]
  .rodata            const     0x800'2418    0x10  at32f421_crm.o [3]
  .rodata            const     0x800'2428    0x10  system_at32f421.o [2]
  .text              ro code   0x800'2438    0x10  startup_at32f421.o [2]
  .rodata            const     0x800'2448     0x8  at32f421_crm.o [3]
  .rodata            const     0x800'2450     0x8  at32f421_crm.o [3]
  .rodata            const     0x800'2458     0x8  at32f421_crm.o [3]
  .text              ro code   0x800'2460     0x4  startup_at32f421.o [2]
  .text              ro code   0x800'2464     0x4  startup_at32f421.o [2]
  .text              ro code   0x800'2468     0x4  startup_at32f421.o [2]
  .text              ro code   0x800'246c     0x4  startup_at32f421.o [2]
  .text              ro code   0x800'2470     0x4  startup_at32f421.o [2]
  .text              ro code   0x800'2474     0x4  startup_at32f421.o [2]
  .text              ro code   0x800'2478     0x4  startup_at32f421.o [2]
  .text              ro code   0x800'247c     0x4  startup_at32f421.o [2]
  .text              ro code   0x800'2480     0x4  startup_at32f421.o [2]
  .text              ro code   0x800'2484     0x4  startup_at32f421.o [2]
  .text              ro code   0x800'2488     0x4  startup_at32f421.o [2]
  .text              ro code   0x800'248c     0x4  startup_at32f421.o [2]
  .text              ro code   0x800'2490     0x4  startup_at32f421.o [2]
  .text              ro code   0x800'2494     0x4  startup_at32f421.o [2]
  .text              ro code   0x800'2498     0x4  startup_at32f421.o [2]
  .text              ro code   0x800'249c     0x4  startup_at32f421.o [2]
  .text              ro code   0x800'24a0     0x4  startup_at32f421.o [2]
  .text              ro code   0x800'24a4     0x4  startup_at32f421.o [2]
  .text              ro code   0x800'24a8     0x4  startup_at32f421.o [2]
  .text              ro code   0x800'24ac     0x4  startup_at32f421.o [2]
  .text              ro code   0x800'24b0     0x4  startup_at32f421.o [2]
  .rodata            const     0x800'24b4     0x0  zero_init3.o [6]
  .rodata            const     0x800'24b4     0x0  packbits_init_single.o [6]
  Initializer bytes  const     0x800'24b4    0x2d  <for P2-1>
                             - 0x800'24e1  0x2415

"P2", part 1 of 3:                           0x4c
  P2-1                        0x2000'0000    0x4c  <Init block>
    .data            inited   0x2000'0000     0x4  system_at32f421.o [2]
    .data            inited   0x2000'0004    0x48  xfiles.o [5]
                            - 0x2000'004c    0x4c

"P2", part 2 of 3:                           0x70
  .bss               zero     0x2000'004c    0x50  xfiles.o [5]
  .bss               zero     0x2000'009c     0xc  ar_water_det.o [1]
  .bss               zero     0x2000'00a8     0x4  wk_system.o [4]
  .bss               zero     0x2000'00b0     0x8  wk_system.o [4]
  .bss               zero     0x2000'00b8     0x2  ar_water_det.o [1]
  .bss               zero     0x2000'00ba     0x1  ar_water_det.o [1]
                            - 0x2000'00bb    0x6f

"P2", part 3 of 3:                          0x400
  CSTACK                      0x2000'00c0   0x400  <Block>
    CSTACK           uninit   0x2000'00c0   0x400  <Block tail>
                            - 0x2000'04c0   0x400

Unused ranges:

         From           To    Size
         ----           --    ----
   0x800'24e1   0x800'ffff  0xdb1f
  0x2000'00bc  0x2000'00bf     0x4
  0x2000'04c0  0x2000'3fff  0x3b40


*******************************************************************************
*** INIT TABLE
***

          Address      Size
          -------      ----
Zero (__iar_zero_init3)
    1 destination range, total size 0x6f:
          0x2000'004c  0x6f

Copy/packbits (__iar_packbits_init_single3)
    1 source range, total size 0x2d (59% of destination):
           0x800'24b4  0x2d
    1 destination range, total size 0x4c:
          0x2000'0000  0x4c



*******************************************************************************
*** MODULE SUMMARY
***

    Module                  ro code  ro data  rw data
    ------                  -------  -------  -------
command line/config:
    -------------------------------------------------
    Total:

E:\MCU\AT32\at32f421k8\project\IAR_V9.3\at32f421k8\Obj\bsp: [1]
    ar_water_det.o              108                15
    -------------------------------------------------
    Total:                      108                15

E:\MCU\AT32\at32f421k8\project\IAR_V9.3\at32f421k8\Obj\cmsis: [2]
    startup_at32f421.o          304
    system_at32f421.o           420       18        4
    -------------------------------------------------
    Total:                      724       18        4

E:\MCU\AT32\at32f421k8\project\IAR_V9.3\at32f421k8\Obj\firmware: [3]
    at32f421_adc.o              486
    at32f421_crm.o            1'160       40
    at32f421_dma.o              228
    at32f421_exint.o            144
    at32f421_gpio.o             244
    at32f421_misc.o             268
    at32f421_scfg.o             172
    at32f421_tmr.o              780
    at32f421_usart.o            430
    -------------------------------------------------
    Total:                    3'912       40

E:\MCU\AT32\at32f421k8\project\IAR_V9.3\at32f421k8\Obj\user: [4]
    at32f421_int.o              236
    at32f421_wk_config.o      2'608
    main.o                      236       24
    wk_system.o                 134                12
    -------------------------------------------------
    Total:                    3'214       24       12

dl7M_tlf.a: [5]
    exit.o                        4
    low_level_init.o              4
    printf.o                     40
    putchar.o                    68
    xfiles.o                              43      152
    xprintftiny.o               316
    xprout.o                     22
    -------------------------------------------------
    Total:                      454       43      152

rt7M_tl.a: [6]
    I64DivMod.o                 560
    I64DivZer.o                   2
    cexit.o                      10
    cmain.o                      30
    cstartup_M.o                 28
    data_init.o                  40
    packbits_init_single.o       58
    strlen.o                     54
    zero_init3.o                 56
    -------------------------------------------------
    Total:                      838

shb_l.a: [7]
    exit.o                       20
    -------------------------------------------------
    Total:                       20

    Gaps                         12        2        4
    Linker created                        32    1'024
-----------------------------------------------------
    Grand Total:              9'282      159    1'211


*******************************************************************************
*** ENTRY LIST
***

Entry                       Address   Size  Type      Object
-----                       -------   ----  ----      ------
.iar.init_table$$Base    0x800'2364          --   Gb  - Linker created -
.iar.init_table$$Limit   0x800'2384          --   Gb  - Linker created -
?main                    0x800'2385         Code  Gb  cmain.o [6]
ADC1_CMP_IRQHandler      0x800'2489         Code  Wk  startup_at32f421.o [2]
BusFault_Handler         0x800'1fd3    0x2  Code  Gb  at32f421_int.o [4]
CRM_IRQHandler           0x800'2471         Code  Wk  startup_at32f421.o [2]
CSTACK$$Base            0x2000'00c0          --   Gb  - Linker created -
CSTACK$$Limit           0x2000'04c0          --   Gb  - Linker created -
DMA1_Channel1_IRQHandler
                         0x800'2481         Code  Wk  startup_at32f421.o [2]
DMA1_Channel3_2_IRQHandler
                         0x800'1ff5    0x2  Code  Gb  at32f421_int.o [4]
DMA1_Channel5_4_IRQHandler
                         0x800'2485         Code  Wk  startup_at32f421.o [2]
DebugMon_Handler         0x800'1fd9    0x2  Code  Gb  at32f421_int.o [4]
ERTC_IRQHandler          0x800'2469         Code  Wk  startup_at32f421.o [2]
EXINT15_4_IRQHandler     0x800'247d         Code  Wk  startup_at32f421.o [2]
EXINT1_0_IRQHandler      0x800'2475         Code  Wk  startup_at32f421.o [2]
EXINT3_2_IRQHandler      0x800'2479         Code  Wk  startup_at32f421.o [2]
FLASH_IRQHandler         0x800'246d         Code  Wk  startup_at32f421.o [2]
HardFault_Handler        0x800'1fcf    0x2  Code  Gb  at32f421_int.o [4]
I2C1_ERR_IRQHandler      0x800'24ad         Code  Wk  startup_at32f421.o [2]
I2C1_EVT_IRQHandler      0x800'249d         Code  Wk  startup_at32f421.o [2]
I2C2_ERR_IRQHandler      0x800'24b1         Code  Wk  startup_at32f421.o [2]
I2C2_EVT_IRQHandler      0x800'24a1         Code  Wk  startup_at32f421.o [2]
MemManage_Handler        0x800'1fd1    0x2  Code  Gb  at32f421_int.o [4]
NMI_Handler              0x800'1fcd    0x2  Code  Gb  at32f421_int.o [4]
NVIC_EncodePriority      0x800'118d   0x3c  Code  Lc  at32f421_misc.o [3]
NVIC_EncodePriority      0x800'0101   0x3c  Code  Lc  at32f421_wk_config.o [4]
PVM_IRQHandler           0x800'2465         Code  Wk  startup_at32f421.o [2]
PendSV_Handler           0x800'1fdb    0x2  Code  Gb  at32f421_int.o [4]
Region$$Table$$Base      0x800'2364          --   Gb  - Linker created -
Region$$Table$$Limit     0x800'2384          --   Gb  - Linker created -
Reset_Handler            0x800'2439         Code  Wk  startup_at32f421.o [2]
SPI1_IRQHandler          0x800'24a5         Code  Wk  startup_at32f421.o [2]
SPI2_IRQHandler          0x800'24a9         Code  Wk  startup_at32f421.o [2]
SVC_Handler              0x800'1fd7    0x2  Code  Gb  at32f421_int.o [4]
SysTick_Handler          0x800'1fdd   0x18  Code  Gb  at32f421_int.o [4]
SystemInit               0x800'0f85   0x56  Code  Gb  system_at32f421.o [2]
TMR14_GLOBAL_IRQHandler
                         0x800'248d         Code  Wk  startup_at32f421.o [2]
TMR15_GLOBAL_IRQHandler
                         0x800'2491         Code  Wk  startup_at32f421.o [2]
TMR16_GLOBAL_IRQHandler
                         0x800'2495         Code  Wk  startup_at32f421.o [2]
TMR17_GLOBAL_IRQHandler
                         0x800'2499         Code  Wk  startup_at32f421.o [2]
TMR1_BRK_OVF_TRG_HALL_IRQHandler
                         0x800'1ff7   0x22  Code  Gb  at32f421_int.o [4]
TMR1_CH_IRQHandler       0x800'2019   0x58  Code  Gb  at32f421_int.o [4]
TMR3_GLOBAL_IRQHandler   0x800'2071   0x1a  Code  Gb  at32f421_int.o [4]
TMR6_GLOBAL_IRQHandler   0x800'208b   0x1a  Code  Gb  at32f421_int.o [4]
USART1_IRQHandler        0x800'20b5    0x2  Code  Gb  at32f421_int.o [4]
USART2_IRQHandler        0x800'20b7    0x2  Code  Gb  at32f421_int.o [4]
UsageFault_Handler       0x800'1fd5    0x2  Code  Gb  at32f421_int.o [4]
WWDT_IRQHandler          0x800'2461         Code  Wk  startup_at32f421.o [2]
_PrintfTiny              0x800'1e6f  0x124  Code  Gb  xprintftiny.o [5]
_Prout                   0x800'2401   0x16  Code  Gb  xprout.o [5]
__NVIC_EnableIRQ         0x800'114d   0x1c  Code  Lc  at32f421_misc.o [3]
__NVIC_GetPriorityGrouping
                         0x800'1143    0xa  Code  Lc  at32f421_misc.o [3]
__NVIC_GetPriorityGrouping
                         0x800'00cd    0xc  Code  Lc  at32f421_wk_config.o [4]
__NVIC_SetPriority       0x800'1169   0x24  Code  Lc  at32f421_misc.o [3]
__NVIC_SetPriority       0x800'00d9   0x28  Code  Lc  at32f421_wk_config.o [4]
__NVIC_SetPriorityGrouping
                         0x800'1129   0x1a  Code  Lc  at32f421_misc.o [3]
__aeabi_ldiv0            0x800'1e55         Code  Gb  I64DivZer.o [6]
__aeabi_uldivmod         0x800'1c25         Code  Gb  I64DivMod.o [6]
__cmain                  0x800'2385         Code  Gb  cmain.o [6]
__exit                   0x800'23b9   0x14  Code  Gb  exit.o [7]
__iar_Stdout            0x2000'0004   0x48  Data  Gb  xfiles.o [5]
__iar_data_init3         0x800'233d   0x28  Code  Gb  data_init.o [6]
__iar_packbits_init_single3
                         0x800'164b   0x3a  Code  Gb  packbits_init_single.o [6]
__iar_program_start      0x800'23cd         Code  Gb  cstartup_M.o [6]
__iar_zero_init3         0x800'2305   0x38  Code  Gb  zero_init3.o [6]
__low_level_init         0x800'23a3    0x4  Code  Gb  low_level_init.o [5]
__vector_table           0x800'0000         Data  Gb  startup_at32f421.o [2]
__write                  0x800'0a5b   0x3a  Code  Gb  at32f421_wk_config.o [4]
_call_main               0x800'2391         Code  Gb  cmain.o [6]
_exit                    0x800'23ad         Code  Gb  cexit.o [6]
adc_base_config          0x800'14a5   0x3c  Code  Gb  at32f421_adc.o [3]
adc_base_default_para_init
                         0x800'1493   0x12  Code  Gb  at32f421_adc.o [3]
adc_calibration_init     0x800'14ef    0xc  Code  Gb  at32f421_adc.o [3]
adc_calibration_init_status_get
                         0x800'14fb   0x12  Code  Gb  at32f421_adc.o [3]
adc_calibration_start    0x800'150d    0xc  Code  Gb  at32f421_adc.o [3]
adc_calibration_status_get
                         0x800'1519   0x12  Code  Gb  at32f421_adc.o [3]
adc_dma_mode_enable      0x800'14e1    0xe  Code  Gb  at32f421_adc.o [3]
adc_enable               0x800'1485    0xe  Code  Gb  at32f421_adc.o [3]
adc_ordinary_channel_set
                         0x800'152b   0xc6  Code  Gb  at32f421_adc.o [3]
adc_ordinary_conversion_trigger_set
                         0x800'15f1   0x34  Code  Gb  at32f421_adc.o [3]
adc_ordinary_part_mode_enable
                         0x800'1625    0xe  Code  Gb  at32f421_adc.o [3]
adc_ordinary_software_trigger_enable
                         0x800'163d    0xe  Code  Gb  at32f421_adc.o [3]
adc_reset                0x800'1465   0x20  Code  Gb  at32f421_adc.o [3]
crm_adc_clock_div_set    0x800'0c99   0x20  Code  Gb  at32f421_crm.o [3]
crm_ahb_div_set          0x800'0c6f    0xe  Code  Gb  at32f421_crm.o [3]
crm_apb1_div_set         0x800'0c7d    0xe  Code  Gb  at32f421_crm.o [3]
crm_apb2_div_set         0x800'0c8b    0xe  Code  Gb  at32f421_crm.o [3]
crm_clock_source_enable
                         0x800'0c09   0x66  Code  Gb  at32f421_crm.o [3]
crm_clocks_freq_get      0x800'0dcf  0x146  Code  Gb  at32f421_crm.o [3]
crm_clocks_freq_get::adc_div_table
                         0x800'2458    0x8  Data  Lc  at32f421_crm.o [3]
crm_clocks_freq_get::ahb_apb1_div_table
                         0x800'2448    0x8  Data  Lc  at32f421_crm.o [3]
crm_clocks_freq_get::ahb_apb2_div_table
                         0x800'2450    0x8  Data  Lc  at32f421_crm.o [3]
crm_clocks_freq_get::sclk_ahb_div_table
                         0x800'2418   0x10  Data  Lc  at32f421_crm.o [3]
crm_flag_get             0x800'0b57   0x2e  Code  Gb  at32f421_crm.o [3]
crm_periph_clock_enable
                         0x800'0b85   0x42  Code  Gb  at32f421_crm.o [3]
crm_periph_reset         0x800'0bc7   0x42  Code  Gb  at32f421_crm.o [3]
crm_pll_config           0x800'0cb9   0xd6  Code  Gb  at32f421_crm.o [3]
crm_reset                0x800'0afd   0x5a  Code  Gb  at32f421_crm.o [3]
crm_sysclk_switch        0x800'0d8f   0x34  Code  Gb  at32f421_crm.o [3]
crm_sysclk_switch_status_get
                         0x800'0dc3    0xc  Code  Gb  at32f421_crm.o [3]
dma_channel_enable       0x800'1b7d    0xc  Code  Gb  at32f421_dma.o [3]
dma_default_para_init    0x800'1b8d   0x2a  Code  Gb  at32f421_dma.o [3]
dma_init                 0x800'1bb7   0x6e  Code  Gb  at32f421_dma.o [3]
dma_reset                0x800'1b41   0x3c  Code  Gb  at32f421_dma.o [3]
exint_default_para_init
                         0x800'13d5   0x12  Code  Gb  at32f421_exint.o [3]
exint_init               0x800'13e7   0x6c  Code  Gb  at32f421_exint.o [3]
exit                     0x800'23a7    0x4  Code  Gb  exit.o [5]
g_au16ADCVal            0x2000'009c    0xc  Data  Gb  ar_water_det.o [1]
g_system_runTime        0x2000'00b0    0x8  Data  Gb  wk_system.o [4]
g_u16VoltageValue       0x2000'00b8    0x2  Data  Gb  ar_water_det.o [1]
g_u8Updated             0x2000'00ba    0x1  Data  Gb  ar_water_det.o [1]
gpio_bits_reset          0x800'12cf    0x6  Code  Gb  at32f421_gpio.o [3]
gpio_bits_set            0x800'12c9    0x6  Code  Gb  at32f421_gpio.o [3]
gpio_default_para_init   0x800'12b1   0x18  Code  Gb  at32f421_gpio.o [3]
gpio_init                0x800'1235   0x7c  Code  Gb  at32f421_gpio.o [3]
gpio_pin_mux_config      0x800'12d5   0x54  Code  Gb  at32f421_gpio.o [3]
main                     0x800'213d   0xec  Code  Gb  main.o [4]
nvic_irq_enable          0x800'11c9   0x2a  Code  Gb  at32f421_misc.o [3]
nvic_priority_group_config
                         0x800'11f3    0xa  Code  Gb  at32f421_misc.o [3]
obuf                    0x2000'004c   0x50  Data  Lc  xfiles.o [5]
out                      0x800'1e57   0x18  Code  Lc  xprintftiny.o [5]
printf                   0x800'226d   0x28  Code  Gb  printf.o [5]
putchar                  0x800'22c1   0x44  Code  Gb  putchar.o [5]
scfg_exint_line_config   0x800'1329   0x9a  Code  Gb  at32f421_scfg.o [3]
set_water_pwm_n_high     0x800'20d9   0x10  Code  Gb  ar_water_det.o [1]
set_water_pwm_n_low      0x800'20e9   0x10  Code  Gb  ar_water_det.o [1]
set_water_pwm_p_high     0x800'20c1    0xc  Code  Gb  ar_water_det.o [1]
set_water_pwm_p_low      0x800'20cd    0xc  Code  Gb  ar_water_det.o [1]
strlen                   0x800'1f95         Code  Gb  strlen.o [6]
system_core_clock       0x2000'0000    0x4  Data  Gb  system_at32f421.o [2]
system_core_clock_update
                         0x800'0fdb  0x11a  Code  Gb  system_at32f421.o [2]
system_core_clock_update::sys_ahb_div_table
                         0x800'2428   0x10  Data  Lc  system_at32f421.o [2]
systick_clock_source_config
                         0x800'11fd   0x1e  Code  Gb  at32f421_misc.o [3]
timebase_ticks          0x2000'00a8    0x4  Data  Gb  wk_system.o [4]
tmr_base_init            0x800'1691   0x10  Code  Gb  at32f421_tmr.o [3]
tmr_brkdt_config         0x800'192b   0x66  Code  Gb  at32f421_tmr.o [3]
tmr_channel_value_set    0x800'17f1   0x28  Code  Gb  at32f421_tmr.o [3]
tmr_clock_source_div_set
                         0x800'16a1    0xa  Code  Gb  at32f421_tmr.o [3]
tmr_cnt_dir_set          0x800'16ab    0xa  Code  Gb  at32f421_tmr.o [3]
tmr_counter_enable       0x800'1685    0xc  Code  Gb  at32f421_tmr.o [3]
tmr_flag_clear           0x800'1917    0x6  Code  Gb  at32f421_tmr.o [3]
tmr_interrupt_enable     0x800'18df   0x20  Code  Gb  at32f421_tmr.o [3]
tmr_interrupt_flag_get   0x800'18ff   0x18  Code  Gb  at32f421_tmr.o [3]
tmr_output_channel_buffer_enable
                         0x800'1825   0x50  Code  Gb  at32f421_tmr.o [3]
tmr_output_channel_config
                         0x800'16c1  0x130  Code  Gb  at32f421_tmr.o [3]
tmr_output_channel_immediately_set
                         0x800'1875   0x50  Code  Gb  at32f421_tmr.o [3]
tmr_output_enable        0x800'191d    0xe  Code  Gb  at32f421_tmr.o [3]
tmr_period_buffer_enable
                         0x800'1819    0xc  Code  Gb  at32f421_tmr.o [3]
tmr_primary_mode_select
                         0x800'18c5    0xc  Code  Gb  at32f421_tmr.o [3]
tmr_repetition_counter_set
                         0x800'16b5    0xc  Code  Gb  at32f421_tmr.o [3]
tmr_sub_sync_mode_set    0x800'18d1    0xe  Code  Gb  at32f421_tmr.o [3]
usart_data_transmit      0x800'1aa9    0xa  Code  Gb  at32f421_usart.o [3]
usart_dma_receiver_enable
                         0x800'1a9b    0xe  Code  Gb  at32f421_usart.o [3]
usart_dma_transmitter_enable
                         0x800'1a8d    0xe  Code  Gb  at32f421_usart.o [3]
usart_enable             0x800'1a63    0xe  Code  Gb  at32f421_usart.o [3]
usart_flag_get           0x800'1b31    0xe  Code  Gb  at32f421_usart.o [3]
usart_hardware_flow_control_set
                         0x800'1ab3   0x7e  Code  Gb  at32f421_usart.o [3]
usart_init               0x800'1991   0x6e  Code  Gb  at32f421_usart.o [3]
usart_parity_selection_config
                         0x800'1a05   0x5e  Code  Gb  at32f421_usart.o [3]
usart_receiver_enable    0x800'1a7f    0xe  Code  Gb  at32f421_usart.o [3]
usart_transmitter_enable
                         0x800'1a71    0xe  Code  Gb  at32f421_usart.o [3]
water_det_value_update   0x800'20f9    0xc  Code  Gb  ar_water_det.o [1]
water_det_voltage_mv_get
                         0x800'2105   0x18  Code  Gb  ar_water_det.o [1]
wk_adc1_init             0x800'03cf  0x12a  Code  Gb  at32f421_wk_config.o [4]
wk_delay_ms              0x800'2295   0x1e  Code  Wk  wk_system.o [4]
wk_dma1_channel1_init    0x800'0931   0x48  Code  Gb  at32f421_wk_config.o [4]
wk_dma1_channel2_init    0x800'0979   0x48  Code  Gb  at32f421_wk_config.o [4]
wk_dma1_channel3_init    0x800'09c1   0x48  Code  Gb  at32f421_wk_config.o [4]
wk_dma1_channel5_init    0x800'0a09   0x48  Code  Gb  at32f421_wk_config.o [4]
wk_dma_channel_config    0x800'0a51    0xa  Code  Gb  at32f421_wk_config.o [4]
wk_exint_config          0x800'037d   0x52  Code  Gb  at32f421_wk_config.o [4]
wk_gpio_config           0x800'030f   0x6e  Code  Gb  at32f421_wk_config.o [4]
wk_nvic_config           0x800'0225   0xea  Code  Gb  at32f421_wk_config.o [4]
wk_periph_clock_config   0x800'01b3   0x72  Code  Gb  at32f421_wk_config.o [4]
wk_system_clock_config   0x800'013d   0x76  Code  Gb  at32f421_wk_config.o [4]
wk_timebase_get          0x800'22b5    0xc  Code  Wk  wk_system.o [4]
wk_timebase_handler      0x800'20b9    0x8  Code  Wk  wk_system.o [4]
wk_timebase_increase     0x800'212d   0x10  Code  Wk  wk_system.o [4]
wk_timebase_init         0x800'2229   0x44  Code  Wk  wk_system.o [4]
wk_tmr14_init            0x800'070f   0xba  Code  Gb  at32f421_wk_config.o [4]
wk_tmr1_init             0x800'04f9  0x188  Code  Gb  at32f421_wk_config.o [4]
wk_tmr3_init             0x800'0681   0x4e  Code  Gb  at32f421_wk_config.o [4]
wk_tmr6_init             0x800'06cf   0x40  Code  Gb  at32f421_wk_config.o [4]
wk_usart1_init           0x800'07c9   0xba  Code  Gb  at32f421_wk_config.o [4]
wk_usart2_init           0x800'0883   0xae  Code  Gb  at32f421_wk_config.o [4]


[1] = E:\MCU\AT32\at32f421k8\project\IAR_V9.3\at32f421k8\Obj\bsp
[2] = E:\MCU\AT32\at32f421k8\project\IAR_V9.3\at32f421k8\Obj\cmsis
[3] = E:\MCU\AT32\at32f421k8\project\IAR_V9.3\at32f421k8\Obj\firmware
[4] = E:\MCU\AT32\at32f421k8\project\IAR_V9.3\at32f421k8\Obj\user
[5] = dl7M_tlf.a
[6] = rt7M_tl.a
[7] = shb_l.a

  9'282 bytes of readonly  code memory
    159 bytes of readonly  data memory
  1'211 bytes of readwrite data memory

Errors: none
Warnings: none
