###############################################################################
#
# IAR ELF Linker V9.30.1.335/W64 for ARM                  22/Oct/2025  14:07:55
# Copyright 2007-2022 IAR Systems AB.
#
#    Output file  =
#        E:\MCU\AT32\at32f421k8\project\IAR_V9.3\at32f421k8\Exe\at32f421k8.out
#    Map file     =
#        E:\MCU\AT32\at32f421k8\project\IAR_V9.3\at32f421k8\List\at32f421k8.map
#    Command line =
#        -f
#        E:\MCU\AT32\at32f421k8\project\IAR_V9.3\at32f421k8\Exe\at32f421k8.out.rsp
#        (E:\MCU\AT32\at32f421k8\project\IAR_V9.3\at32f421k8\Obj\bsp\ar_tim.o
#        E:\MCU\AT32\at32f421k8\project\IAR_V9.3\at32f421k8\Obj\firmware\at32f421_adc.o
#        E:\MCU\AT32\at32f421k8\project\IAR_V9.3\at32f421k8\Obj\firmware\at32f421_crm.o
#        E:\MCU\AT32\at32f421k8\project\IAR_V9.3\at32f421k8\Obj\firmware\at32f421_debug.o
#        E:\MCU\AT32\at32f421k8\project\IAR_V9.3\at32f421k8\Obj\firmware\at32f421_dma.o
#        E:\MCU\AT32\at32f421k8\project\IAR_V9.3\at32f421k8\Obj\firmware\at32f421_exint.o
#        E:\MCU\AT32\at32f421k8\project\IAR_V9.3\at32f421k8\Obj\firmware\at32f421_flash.o
#        E:\MCU\AT32\at32f421k8\project\IAR_V9.3\at32f421k8\Obj\firmware\at32f421_gpio.o
#        E:\MCU\AT32\at32f421k8\project\IAR_V9.3\at32f421k8\Obj\user\at32f421_int.o
#        E:\MCU\AT32\at32f421k8\project\IAR_V9.3\at32f421k8\Obj\firmware\at32f421_misc.o
#        E:\MCU\AT32\at32f421k8\project\IAR_V9.3\at32f421k8\Obj\firmware\at32f421_pwc.o
#        E:\MCU\AT32\at32f421k8\project\IAR_V9.3\at32f421k8\Obj\firmware\at32f421_scfg.o
#        E:\MCU\AT32\at32f421k8\project\IAR_V9.3\at32f421k8\Obj\firmware\at32f421_tmr.o
#        E:\MCU\AT32\at32f421k8\project\IAR_V9.3\at32f421k8\Obj\firmware\at32f421_usart.o
#        E:\MCU\AT32\at32f421k8\project\IAR_V9.3\at32f421k8\Obj\user\at32f421_wk_config.o
#        E:\MCU\AT32\at32f421k8\project\IAR_V9.3\at32f421k8\Obj\user\main.o
#        E:\MCU\AT32\at32f421k8\project\IAR_V9.3\at32f421k8\Obj\cmsis\startup_at32f421.o
#        E:\MCU\AT32\at32f421k8\project\IAR_V9.3\at32f421k8\Obj\cmsis\system_at32f421.o
#        E:\MCU\AT32\at32f421k8\project\IAR_V9.3\at32f421k8\Obj\user\wk_system.o
#        --no_out_extension -o
#        E:\MCU\AT32\at32f421k8\project\IAR_V9.3\at32f421k8\Exe\at32f421k8.out
#        --map
#        E:\MCU\AT32\at32f421k8\project\IAR_V9.3\at32f421k8\List\at32f421k8.map
#        --config E:\MCU\AT32\at32f421k8\project\IAR_V9.3\AT32F421x8.icf
#        --semihosting --entry __iar_program_start --vfe --text_out locale
#        --cpu=Cortex-M4 --fpu=None)
#
###############################################################################

*******************************************************************************
*** RUNTIME MODEL ATTRIBUTES
***

CppFlavor       = *
__CPP_Runtime   = 1
__SystemLibrary = DLib
__dlib_version  = 6


*******************************************************************************
*** HEAP SELECTION
***

The basic heap was selected because --advanced_heap
was not specified and the application did not appear to
be primarily optimized for speed.


*******************************************************************************
*** PLACEMENT SUMMARY
***

"A0":  place at address 0x800'0000 { ro section .intvec };
"P1":  place in [from 0x800'0000 to 0x800'ffff] { ro };
define block CSTACK with size = 1K, alignment = 8 { };
define block HEAP with size = 512, alignment = 8 { };
"P2":  place in [from 0x2000'0000 to 0x2000'3fff] {
          rw, block CSTACK, block HEAP };
initialize by copy { rw };

  Section            Kind         Address    Size  Object
  -------            ----         -------    ----  ------
"A0":                                        0xcc
  .intvec            ro code   0x800'0000    0xcc  startup_at32f421.o [2]
                             - 0x800'00cc    0xcc

"P1":                                      0x2134
  .text              ro code   0x800'00cc   0xa14  at32f421_wk_config.o [4]
  .text              ro code   0x800'0ae0   0x488  at32f421_crm.o [3]
  .text              ro code   0x800'0f68   0x1a4  system_at32f421.o [2]
  .text              ro code   0x800'110c   0x10c  at32f421_misc.o [3]
  .text              ro code   0x800'1218    0xee  at32f421_gpio.o [3]
  .text              ro code   0x800'1306    0x2a  copy_init3.o [6]
  .text              ro code   0x800'1330    0xac  at32f421_scfg.o [3]
  .text              ro code   0x800'13dc    0x90  at32f421_exint.o [3]
  .text              ro code   0x800'146c   0x1d8  at32f421_adc.o [3]
  .text              ro code   0x800'1644   0x38c  at32f421_tmr.o [3]
  .text              ro code   0x800'19d0   0x196  at32f421_usart.o [3]
  .text              ro code   0x800'1b68    0xe4  at32f421_dma.o [3]
  .text              ro code   0x800'1c4c   0x230  I64DivMod.o [6]
  .text              ro code   0x800'1e7c     0x2  I64DivZer.o [6]
  .text              ro code   0x800'1e80    0xd4  main.o [4]
  .text              ro code   0x800'1f54    0x44  wk_system.o [4]
  .text              ro code   0x800'1f98    0x34  ar_tim.o [1]
  .text              ro code   0x800'1fcc    0xd0  at32f421_int.o [4]
  .text              ro code   0x800'209c     0x8  wk_system.o [4]
  .text              ro code   0x800'20a4    0x10  wk_system.o [4]
  .text              ro code   0x800'20b4    0x28  data_init.o [6]
  .iar.init_table    const     0x800'20dc    0x14  - Linker created -
  .text              ro code   0x800'20f0    0x1e  cmain.o [6]
  .text              ro code   0x800'210e     0x4  low_level_init.o [5]
  .text              ro code   0x800'2112     0x4  exit.o [5]
  .text              ro code   0x800'2118     0xa  cexit.o [6]
  .text              ro code   0x800'2124    0x14  exit.o [7]
  .text              ro code   0x800'2138    0x1c  cstartup_M.o [6]
  .rodata            const     0x800'2154    0x10  at32f421_crm.o [3]
  .rodata            const     0x800'2164    0x10  system_at32f421.o [2]
  .text              ro code   0x800'2174    0x10  startup_at32f421.o [2]
  Initializer bytes  const     0x800'2184    0x10  <for P2-1>
  .rodata            const     0x800'2194     0x8  at32f421_crm.o [3]
  .rodata            const     0x800'219c     0x8  at32f421_crm.o [3]
  .rodata            const     0x800'21a4     0x8  at32f421_crm.o [3]
  .text              ro code   0x800'21ac     0x4  startup_at32f421.o [2]
  .text              ro code   0x800'21b0     0x4  startup_at32f421.o [2]
  .text              ro code   0x800'21b4     0x4  startup_at32f421.o [2]
  .text              ro code   0x800'21b8     0x4  startup_at32f421.o [2]
  .text              ro code   0x800'21bc     0x4  startup_at32f421.o [2]
  .text              ro code   0x800'21c0     0x4  startup_at32f421.o [2]
  .text              ro code   0x800'21c4     0x4  startup_at32f421.o [2]
  .text              ro code   0x800'21c8     0x4  startup_at32f421.o [2]
  .text              ro code   0x800'21cc     0x4  startup_at32f421.o [2]
  .text              ro code   0x800'21d0     0x4  startup_at32f421.o [2]
  .text              ro code   0x800'21d4     0x4  startup_at32f421.o [2]
  .text              ro code   0x800'21d8     0x4  startup_at32f421.o [2]
  .text              ro code   0x800'21dc     0x4  startup_at32f421.o [2]
  .text              ro code   0x800'21e0     0x4  startup_at32f421.o [2]
  .text              ro code   0x800'21e4     0x4  startup_at32f421.o [2]
  .text              ro code   0x800'21e8     0x4  startup_at32f421.o [2]
  .text              ro code   0x800'21ec     0x4  startup_at32f421.o [2]
  .text              ro code   0x800'21f0     0x4  startup_at32f421.o [2]
  .text              ro code   0x800'21f4     0x4  startup_at32f421.o [2]
  .text              ro code   0x800'21f8     0x4  startup_at32f421.o [2]
  .text              ro code   0x800'21fc     0x4  startup_at32f421.o [2]
  .rodata            const     0x800'2200     0x0  copy_init3.o [6]
                             - 0x800'2200  0x2134

"P2", part 1 of 2:                           0x10
  P2-1                        0x2000'0000    0x10  <Init block>
    .bss             inited   0x2000'0000     0x8  wk_system.o [4]
    .data            inited   0x2000'0008     0x4  system_at32f421.o [2]
    .bss             inited   0x2000'000c     0x4  wk_system.o [4]
                            - 0x2000'0010    0x10

"P2", part 2 of 2:                          0x400
  CSTACK                      0x2000'0010   0x400  <Block>
    CSTACK           uninit   0x2000'0010   0x400  <Block tail>
                            - 0x2000'0410   0x400

Unused ranges:

         From           To    Size
         ----           --    ----
   0x800'2200   0x800'ffff  0xde00
  0x2000'0410  0x2000'3fff  0x3bf0


*******************************************************************************
*** INIT TABLE
***

          Address      Size
          -------      ----
Copy (__iar_copy_init3)
    1 source range, total size 0x10:
           0x800'2184  0x10
    1 destination range, total size 0x10:
          0x2000'0000  0x10



*******************************************************************************
*** MODULE SUMMARY
***

    Module                ro code  ro data  rw data
    ------                -------  -------  -------
command line/config:
    -----------------------------------------------
    Total:

E:\MCU\AT32\at32f421k8\project\IAR_V9.3\at32f421k8\Obj\bsp: [1]
    ar_tim.o                   52
    -----------------------------------------------
    Total:                     52

E:\MCU\AT32\at32f421k8\project\IAR_V9.3\at32f421k8\Obj\cmsis: [2]
    startup_at32f421.o        304
    system_at32f421.o         420       20        4
    -----------------------------------------------
    Total:                    724       20        4

E:\MCU\AT32\at32f421k8\project\IAR_V9.3\at32f421k8\Obj\firmware: [3]
    at32f421_adc.o            472
    at32f421_crm.o          1'160       40
    at32f421_dma.o            228
    at32f421_exint.o          144
    at32f421_gpio.o           238
    at32f421_misc.o           268
    at32f421_scfg.o           172
    at32f421_tmr.o            908
    at32f421_usart.o          406
    -----------------------------------------------
    Total:                  3'996       40

E:\MCU\AT32\at32f421k8\project\IAR_V9.3\at32f421k8\Obj\user: [4]
    at32f421_int.o            208
    at32f421_wk_config.o    2'580
    main.o                    212
    wk_system.o                92       12       12
    -----------------------------------------------
    Total:                  3'092       12       12

dl7M_tlf.a: [5]
    exit.o                      4
    low_level_init.o            4
    -----------------------------------------------
    Total:                      8

rt7M_tl.a: [6]
    I64DivMod.o               560
    I64DivZer.o                 2
    cexit.o                    10
    cmain.o                    30
    copy_init3.o               42
    cstartup_M.o               28
    data_init.o                40
    -----------------------------------------------
    Total:                    712

shb_l.a: [7]
    exit.o                     20
    -----------------------------------------------
    Total:                     20

    Gaps                        8
    Linker created                      20    1'024
---------------------------------------------------
    Grand Total:            8'612       92    1'040


*******************************************************************************
*** ENTRY LIST
***

Entry                       Address   Size  Type      Object
-----                       -------   ----  ----      ------
.iar.init_table$$Base    0x800'20dc          --   Gb  - Linker created -
.iar.init_table$$Limit   0x800'20f0          --   Gb  - Linker created -
?main                    0x800'20f1         Code  Gb  cmain.o [6]
ADC1_CMP_IRQHandler      0x800'21d5         Code  Wk  startup_at32f421.o [2]
BusFault_Handler         0x800'1fd3    0x2  Code  Gb  at32f421_int.o [4]
CRM_IRQHandler           0x800'21bd         Code  Wk  startup_at32f421.o [2]
CSTACK$$Base            0x2000'0010          --   Gb  - Linker created -
CSTACK$$Limit           0x2000'0410          --   Gb  - Linker created -
DMA1_Channel1_IRQHandler
                         0x800'21cd         Code  Wk  startup_at32f421.o [2]
DMA1_Channel3_2_IRQHandler
                         0x800'1ff5    0x2  Code  Gb  at32f421_int.o [4]
DMA1_Channel5_4_IRQHandler
                         0x800'21d1         Code  Wk  startup_at32f421.o [2]
DebugMon_Handler         0x800'1fd9    0x2  Code  Gb  at32f421_int.o [4]
ERTC_IRQHandler          0x800'21b5         Code  Wk  startup_at32f421.o [2]
EXINT15_4_IRQHandler     0x800'21c9         Code  Wk  startup_at32f421.o [2]
EXINT1_0_IRQHandler      0x800'21c1         Code  Wk  startup_at32f421.o [2]
EXINT3_2_IRQHandler      0x800'21c5         Code  Wk  startup_at32f421.o [2]
FLASH_IRQHandler         0x800'21b9         Code  Wk  startup_at32f421.o [2]
HardFault_Handler        0x800'1fcf    0x2  Code  Gb  at32f421_int.o [4]
I2C1_ERR_IRQHandler      0x800'21f9         Code  Wk  startup_at32f421.o [2]
I2C1_EVT_IRQHandler      0x800'21e9         Code  Wk  startup_at32f421.o [2]
I2C2_ERR_IRQHandler      0x800'21fd         Code  Wk  startup_at32f421.o [2]
I2C2_EVT_IRQHandler      0x800'21ed         Code  Wk  startup_at32f421.o [2]
MemManage_Handler        0x800'1fd1    0x2  Code  Gb  at32f421_int.o [4]
NMI_Handler              0x800'1fcd    0x2  Code  Gb  at32f421_int.o [4]
NVIC_EncodePriority      0x800'1171   0x3c  Code  Lc  at32f421_misc.o [3]
NVIC_EncodePriority      0x800'0101   0x3c  Code  Lc  at32f421_wk_config.o [4]
PVM_IRQHandler           0x800'21b1         Code  Wk  startup_at32f421.o [2]
PendSV_Handler           0x800'1fdb    0x2  Code  Gb  at32f421_int.o [4]
Region$$Table$$Base      0x800'20dc          --   Gb  - Linker created -
Region$$Table$$Limit     0x800'20f0          --   Gb  - Linker created -
Reset_Handler            0x800'2175         Code  Wk  startup_at32f421.o [2]
SPI1_IRQHandler          0x800'21f1         Code  Wk  startup_at32f421.o [2]
SPI2_IRQHandler          0x800'21f5         Code  Wk  startup_at32f421.o [2]
SVC_Handler              0x800'1fd7    0x2  Code  Gb  at32f421_int.o [4]
SysTick_Handler          0x800'1fdd   0x18  Code  Gb  at32f421_int.o [4]
SystemInit               0x800'0f69   0x56  Code  Gb  system_at32f421.o [2]
TMR14_GLOBAL_IRQHandler
                         0x800'21d9         Code  Wk  startup_at32f421.o [2]
TMR15_GLOBAL_IRQHandler
                         0x800'21dd         Code  Wk  startup_at32f421.o [2]
TMR16_GLOBAL_IRQHandler
                         0x800'21e1         Code  Wk  startup_at32f421.o [2]
TMR17_GLOBAL_IRQHandler
                         0x800'21e5         Code  Wk  startup_at32f421.o [2]
TMR1_BRK_OVF_TRG_HALL_IRQHandler
                         0x800'1ff7   0x1a  Code  Gb  at32f421_int.o [4]
TMR1_CH_IRQHandler       0x800'2011   0x42  Code  Gb  at32f421_int.o [4]
TMR3_GLOBAL_IRQHandler   0x800'2053   0x1a  Code  Gb  at32f421_int.o [4]
TMR6_GLOBAL_IRQHandler   0x800'206d   0x1a  Code  Gb  at32f421_int.o [4]
USART1_IRQHandler        0x800'2099    0x2  Code  Gb  at32f421_int.o [4]
USART2_IRQHandler        0x800'209b    0x2  Code  Gb  at32f421_int.o [4]
UsageFault_Handler       0x800'1fd5    0x2  Code  Gb  at32f421_int.o [4]
WWDT_IRQHandler          0x800'21ad         Code  Wk  startup_at32f421.o [2]
__NVIC_EnableIRQ         0x800'1131   0x1c  Code  Lc  at32f421_misc.o [3]
__NVIC_GetPriorityGrouping
                         0x800'1127    0xa  Code  Lc  at32f421_misc.o [3]
__NVIC_GetPriorityGrouping
                         0x800'00cd    0xc  Code  Lc  at32f421_wk_config.o [4]
__NVIC_SetPriority       0x800'114d   0x24  Code  Lc  at32f421_misc.o [3]
__NVIC_SetPriority       0x800'00d9   0x28  Code  Lc  at32f421_wk_config.o [4]
__NVIC_SetPriorityGrouping
                         0x800'110d   0x1a  Code  Lc  at32f421_misc.o [3]
__aeabi_ldiv0            0x800'1e7d         Code  Gb  I64DivZer.o [6]
__aeabi_uldivmod         0x800'1c4d         Code  Gb  I64DivMod.o [6]
__cmain                  0x800'20f1         Code  Gb  cmain.o [6]
__exit                   0x800'2125   0x14  Code  Gb  exit.o [7]
__iar_copy_init3         0x800'1307   0x2a  Code  Gb  copy_init3.o [6]
__iar_data_init3         0x800'20b5   0x28  Code  Gb  data_init.o [6]
__iar_program_start      0x800'2139         Code  Gb  cstartup_M.o [6]
__low_level_init         0x800'210f    0x4  Code  Gb  low_level_init.o [5]
__vector_table           0x800'0000         Data  Gb  startup_at32f421.o [2]
_call_main               0x800'20fd         Code  Gb  cmain.o [6]
_exit                    0x800'2119         Code  Gb  cexit.o [6]
adc_base_config          0x800'14ad   0x3c  Code  Gb  at32f421_adc.o [3]
adc_base_default_para_init
                         0x800'149b   0x12  Code  Gb  at32f421_adc.o [3]
adc_calibration_init     0x800'14f7    0xc  Code  Gb  at32f421_adc.o [3]
adc_calibration_init_status_get
                         0x800'1503   0x12  Code  Gb  at32f421_adc.o [3]
adc_calibration_start    0x800'1515    0xc  Code  Gb  at32f421_adc.o [3]
adc_calibration_status_get
                         0x800'1521   0x12  Code  Gb  at32f421_adc.o [3]
adc_dma_mode_enable      0x800'14e9    0xe  Code  Gb  at32f421_adc.o [3]
adc_enable               0x800'148d    0xe  Code  Gb  at32f421_adc.o [3]
adc_ordinary_channel_set
                         0x800'1533   0xc6  Code  Gb  at32f421_adc.o [3]
adc_ordinary_conversion_trigger_set
                         0x800'15f9   0x34  Code  Gb  at32f421_adc.o [3]
adc_ordinary_part_mode_enable
                         0x800'162d    0xe  Code  Gb  at32f421_adc.o [3]
adc_reset                0x800'146d   0x20  Code  Gb  at32f421_adc.o [3]
crm_adc_clock_div_set    0x800'0c7d   0x20  Code  Gb  at32f421_crm.o [3]
crm_ahb_div_set          0x800'0c53    0xe  Code  Gb  at32f421_crm.o [3]
crm_apb1_div_set         0x800'0c61    0xe  Code  Gb  at32f421_crm.o [3]
crm_apb2_div_set         0x800'0c6f    0xe  Code  Gb  at32f421_crm.o [3]
crm_clock_source_enable
                         0x800'0bed   0x66  Code  Gb  at32f421_crm.o [3]
crm_clocks_freq_get      0x800'0db3  0x146  Code  Gb  at32f421_crm.o [3]
crm_clocks_freq_get::adc_div_table
                         0x800'21a4    0x8  Data  Lc  at32f421_crm.o [3]
crm_clocks_freq_get::ahb_apb1_div_table
                         0x800'2194    0x8  Data  Lc  at32f421_crm.o [3]
crm_clocks_freq_get::ahb_apb2_div_table
                         0x800'219c    0x8  Data  Lc  at32f421_crm.o [3]
crm_clocks_freq_get::sclk_ahb_div_table
                         0x800'2154   0x10  Data  Lc  at32f421_crm.o [3]
crm_flag_get             0x800'0b3b   0x2e  Code  Gb  at32f421_crm.o [3]
crm_periph_clock_enable
                         0x800'0b69   0x42  Code  Gb  at32f421_crm.o [3]
crm_periph_reset         0x800'0bab   0x42  Code  Gb  at32f421_crm.o [3]
crm_pll_config           0x800'0c9d   0xd6  Code  Gb  at32f421_crm.o [3]
crm_reset                0x800'0ae1   0x5a  Code  Gb  at32f421_crm.o [3]
crm_sysclk_switch        0x800'0d73   0x34  Code  Gb  at32f421_crm.o [3]
crm_sysclk_switch_status_get
                         0x800'0da7    0xc  Code  Gb  at32f421_crm.o [3]
dma_channel_enable       0x800'1ba5    0xc  Code  Gb  at32f421_dma.o [3]
dma_default_para_init    0x800'1bb5   0x2a  Code  Gb  at32f421_dma.o [3]
dma_init                 0x800'1bdf   0x6e  Code  Gb  at32f421_dma.o [3]
dma_reset                0x800'1b69   0x3c  Code  Gb  at32f421_dma.o [3]
exint_default_para_init
                         0x800'13dd   0x12  Code  Gb  at32f421_exint.o [3]
exint_init               0x800'13ef   0x6c  Code  Gb  at32f421_exint.o [3]
exit                     0x800'2113    0x4  Code  Gb  exit.o [5]
g_system_runTime        0x2000'0000    0x8  Data  Gb  wk_system.o [4]
gpio_bits_reset          0x800'12ad    0x6  Code  Gb  at32f421_gpio.o [3]
gpio_default_para_init   0x800'1295   0x18  Code  Gb  at32f421_gpio.o [3]
gpio_init                0x800'1219   0x7c  Code  Gb  at32f421_gpio.o [3]
gpio_pin_mux_config      0x800'12b3   0x54  Code  Gb  at32f421_gpio.o [3]
main                     0x800'1e81   0xd4  Code  Gb  main.o [4]
nvic_irq_enable          0x800'11ad   0x2a  Code  Gb  at32f421_misc.o [3]
nvic_priority_group_config
                         0x800'11d7    0xa  Code  Gb  at32f421_misc.o [3]
pwm_fan_set              0x800'1f99   0x34  Code  Gb  ar_tim.o [1]
scfg_exint_line_config   0x800'1331   0x9a  Code  Gb  at32f421_scfg.o [3]
system_core_clock       0x2000'0008    0x4  Data  Gb  system_at32f421.o [2]
system_core_clock_update
                         0x800'0fbf  0x11a  Code  Gb  system_at32f421.o [2]
system_core_clock_update::sys_ahb_div_table
                         0x800'2164   0x10  Data  Lc  system_at32f421.o [2]
systick_clock_source_config
                         0x800'11e1   0x1e  Code  Gb  at32f421_misc.o [3]
timebase_ticks          0x2000'000c    0x4  Data  Gb  wk_system.o [4]
tmr_base_init            0x800'1651   0x10  Code  Gb  at32f421_tmr.o [3]
tmr_brkdt_config         0x800'196b   0x66  Code  Gb  at32f421_tmr.o [3]
tmr_channel_enable       0x800'1885   0x80  Code  Gb  at32f421_tmr.o [3]
tmr_channel_value_set    0x800'17b1   0x28  Code  Gb  at32f421_tmr.o [3]
tmr_clock_source_div_set
                         0x800'1661    0xa  Code  Gb  at32f421_tmr.o [3]
tmr_cnt_dir_set          0x800'166b    0xa  Code  Gb  at32f421_tmr.o [3]
tmr_counter_enable       0x800'1645    0xc  Code  Gb  at32f421_tmr.o [3]
tmr_flag_clear           0x800'1957    0x6  Code  Gb  at32f421_tmr.o [3]
tmr_interrupt_enable     0x800'191f   0x20  Code  Gb  at32f421_tmr.o [3]
tmr_interrupt_flag_get   0x800'193f   0x18  Code  Gb  at32f421_tmr.o [3]
tmr_output_channel_buffer_enable
                         0x800'17e5   0x50  Code  Gb  at32f421_tmr.o [3]
tmr_output_channel_config
                         0x800'1681  0x130  Code  Gb  at32f421_tmr.o [3]
tmr_output_channel_immediately_set
                         0x800'1835   0x50  Code  Gb  at32f421_tmr.o [3]
tmr_output_enable        0x800'195d    0xe  Code  Gb  at32f421_tmr.o [3]
tmr_period_buffer_enable
                         0x800'17d9    0xc  Code  Gb  at32f421_tmr.o [3]
tmr_primary_mode_select
                         0x800'1905    0xc  Code  Gb  at32f421_tmr.o [3]
tmr_repetition_counter_set
                         0x800'1675    0xc  Code  Gb  at32f421_tmr.o [3]
tmr_sub_sync_mode_set    0x800'1911    0xe  Code  Gb  at32f421_tmr.o [3]
usart_dma_receiver_enable
                         0x800'1adb    0xe  Code  Gb  at32f421_usart.o [3]
usart_dma_transmitter_enable
                         0x800'1acd    0xe  Code  Gb  at32f421_usart.o [3]
usart_enable             0x800'1aa3    0xe  Code  Gb  at32f421_usart.o [3]
usart_hardware_flow_control_set
                         0x800'1ae9   0x7e  Code  Gb  at32f421_usart.o [3]
usart_init               0x800'19d1   0x6e  Code  Gb  at32f421_usart.o [3]
usart_parity_selection_config
                         0x800'1a45   0x5e  Code  Gb  at32f421_usart.o [3]
usart_receiver_enable    0x800'1abf    0xe  Code  Gb  at32f421_usart.o [3]
usart_transmitter_enable
                         0x800'1ab1    0xe  Code  Gb  at32f421_usart.o [3]
wk_adc1_init             0x800'03f3  0x122  Code  Gb  at32f421_wk_config.o [4]
wk_dma1_channel1_init    0x800'094d   0x48  Code  Gb  at32f421_wk_config.o [4]
wk_dma1_channel2_init    0x800'0995   0x48  Code  Gb  at32f421_wk_config.o [4]
wk_dma1_channel3_init    0x800'09dd   0x48  Code  Gb  at32f421_wk_config.o [4]
wk_dma1_channel5_init    0x800'0a25   0x48  Code  Gb  at32f421_wk_config.o [4]
wk_dma_channel_config    0x800'0a6d    0xa  Code  Gb  at32f421_wk_config.o [4]
wk_exint_config          0x800'03a1   0x52  Code  Gb  at32f421_wk_config.o [4]
wk_gpio_config           0x800'030f   0x92  Code  Gb  at32f421_wk_config.o [4]
wk_nvic_config           0x800'0225   0xea  Code  Gb  at32f421_wk_config.o [4]
wk_periph_clock_config   0x800'01b3   0x72  Code  Gb  at32f421_wk_config.o [4]
wk_system_clock_config   0x800'013d   0x76  Code  Gb  at32f421_wk_config.o [4]
wk_timebase_handler      0x800'209d    0x8  Code  Wk  wk_system.o [4]
wk_timebase_increase     0x800'20a5   0x10  Code  Wk  wk_system.o [4]
wk_timebase_init         0x800'1f55   0x44  Code  Wk  wk_system.o [4]
wk_tmr14_init            0x800'072b   0xba  Code  Gb  at32f421_wk_config.o [4]
wk_tmr1_init             0x800'0515  0x188  Code  Gb  at32f421_wk_config.o [4]
wk_tmr3_init             0x800'069d   0x4e  Code  Gb  at32f421_wk_config.o [4]
wk_tmr6_init             0x800'06eb   0x40  Code  Gb  at32f421_wk_config.o [4]
wk_usart1_init           0x800'07e5   0xba  Code  Gb  at32f421_wk_config.o [4]
wk_usart2_init           0x800'089f   0xae  Code  Gb  at32f421_wk_config.o [4]


[1] = E:\MCU\AT32\at32f421k8\project\IAR_V9.3\at32f421k8\Obj\bsp
[2] = E:\MCU\AT32\at32f421k8\project\IAR_V9.3\at32f421k8\Obj\cmsis
[3] = E:\MCU\AT32\at32f421k8\project\IAR_V9.3\at32f421k8\Obj\firmware
[4] = E:\MCU\AT32\at32f421k8\project\IAR_V9.3\at32f421k8\Obj\user
[5] = dl7M_tlf.a
[6] = rt7M_tl.a
[7] = shb_l.a

  8'612 bytes of readonly  code memory
     92 bytes of readonly  data memory
  1'040 bytes of readwrite data memory

Errors: none
Warnings: none
