###############################################################################
#
# IAR ELF Linker V9.30.1.335/W64 for ARM                  24/Oct/2025  14:17:31
# Copyright 2007-2022 IAR Systems AB.
#
#    Output file  =
#        E:\MCU\AT32\at32f421k8\project\IAR_V9.3\at32f421k8\Exe\at32f421k8.out
#    Map file     =
#        E:\MCU\AT32\at32f421k8\project\IAR_V9.3\at32f421k8\List\at32f421k8.map
#    Command line =
#        -f
#        E:\MCU\AT32\at32f421k8\project\IAR_V9.3\at32f421k8\Exe\at32f421k8.out.rsp
#        (E:\MCU\AT32\at32f421k8\project\IAR_V9.3\at32f421k8\Obj\bsp\ar_tim.o
#        E:\MCU\AT32\at32f421k8\project\IAR_V9.3\at32f421k8\Obj\bsp\ar_water_det.o
#        E:\MCU\AT32\at32f421k8\project\IAR_V9.3\at32f421k8\Obj\firmware\at32f421_adc.o
#        E:\MCU\AT32\at32f421k8\project\IAR_V9.3\at32f421k8\Obj\firmware\at32f421_crm.o
#        E:\MCU\AT32\at32f421k8\project\IAR_V9.3\at32f421k8\Obj\firmware\at32f421_debug.o
#        E:\MCU\AT32\at32f421k8\project\IAR_V9.3\at32f421k8\Obj\firmware\at32f421_dma.o
#        E:\MCU\AT32\at32f421k8\project\IAR_V9.3\at32f421k8\Obj\firmware\at32f421_exint.o
#        E:\MCU\AT32\at32f421k8\project\IAR_V9.3\at32f421k8\Obj\firmware\at32f421_flash.o
#        E:\MCU\AT32\at32f421k8\project\IAR_V9.3\at32f421k8\Obj\firmware\at32f421_gpio.o
#        E:\MCU\AT32\at32f421k8\project\IAR_V9.3\at32f421k8\Obj\user\at32f421_int.o
#        E:\MCU\AT32\at32f421k8\project\IAR_V9.3\at32f421k8\Obj\firmware\at32f421_misc.o
#        E:\MCU\AT32\at32f421k8\project\IAR_V9.3\at32f421k8\Obj\firmware\at32f421_pwc.o
#        E:\MCU\AT32\at32f421k8\project\IAR_V9.3\at32f421k8\Obj\firmware\at32f421_scfg.o
#        E:\MCU\AT32\at32f421k8\project\IAR_V9.3\at32f421k8\Obj\firmware\at32f421_tmr.o
#        E:\MCU\AT32\at32f421k8\project\IAR_V9.3\at32f421k8\Obj\firmware\at32f421_usart.o
#        E:\MCU\AT32\at32f421k8\project\IAR_V9.3\at32f421k8\Obj\user\at32f421_wk_config.o
#        E:\MCU\AT32\at32f421k8\project\IAR_V9.3\at32f421k8\Obj\user\main.o
#        E:\MCU\AT32\at32f421k8\project\IAR_V9.3\at32f421k8\Obj\cmsis\startup_at32f421.o
#        E:\MCU\AT32\at32f421k8\project\IAR_V9.3\at32f421k8\Obj\cmsis\system_at32f421.o
#        E:\MCU\AT32\at32f421k8\project\IAR_V9.3\at32f421k8\Obj\user\wk_system.o
#        --no_out_extension -o
#        E:\MCU\AT32\at32f421k8\project\IAR_V9.3\at32f421k8\Exe\at32f421k8.out
#        --map
#        E:\MCU\AT32\at32f421k8\project\IAR_V9.3\at32f421k8\List\at32f421k8.map
#        --config E:\MCU\AT32\at32f421k8\project\IAR_V9.3\AT32F421x8.icf
#        --semihosting --entry __iar_program_start --vfe --text_out locale
#        --cpu=Cortex-M4 --fpu=None)
#
###############################################################################

*******************************************************************************
*** RUNTIME MODEL ATTRIBUTES
***

CppFlavor       = *
__CPP_Runtime   = 1
__SystemLibrary = DLib
__dlib_version  = 6


*******************************************************************************
*** HEAP SELECTION
***

The basic heap was selected because --advanced_heap
was not specified and the application did not appear to
be primarily optimized for speed.


*******************************************************************************
*** PLACEMENT SUMMARY
***

"A0":  place at address 0x800'0000 { ro section .intvec };
"P1":  place in [from 0x800'0000 to 0x800'ffff] { ro };
define block CSTACK with size = 1K, alignment = 8 { };
define block HEAP with size = 512, alignment = 8 { };
"P2":  place in [from 0x2000'0000 to 0x2000'3fff] {
          rw, block CSTACK, block HEAP };
initialize by copy { rw };

  Section            Kind         Address    Size  Object
  -------            ----         -------    ----  ------
"A0":                                        0xcc
  .intvec            ro code   0x800'0000    0xcc  startup_at32f421.o [2]
                             - 0x800'00cc    0xcc

"P1":                                      0x20ff
  .text              ro code   0x800'00cc   0x9f8  at32f421_wk_config.o [4]
  .text              ro code   0x800'0ac4   0x488  at32f421_crm.o [3]
  .text              ro code   0x800'0f4c   0x1a4  system_at32f421.o [2]
  .text              ro code   0x800'10f0   0x10c  at32f421_misc.o [3]
  .text              ro code   0x800'11fc    0xf4  at32f421_gpio.o [3]
  .text              ro code   0x800'12f0    0xac  at32f421_scfg.o [3]
  .text              ro code   0x800'139c    0x90  at32f421_exint.o [3]
  .text              ro code   0x800'142c   0x1e6  at32f421_adc.o [3]
  .text              ro code   0x800'1612    0x3a  packbits_init_single.o [6]
  .text              ro code   0x800'164c   0x30c  at32f421_tmr.o [3]
  .text              ro code   0x800'1958   0x196  at32f421_usart.o [3]
  .text              ro code   0x800'1af0    0xe4  at32f421_dma.o [3]
  .text              ro code   0x800'1bd4   0x230  I64DivMod.o [6]
  .text              ro code   0x800'1e04     0x2  I64DivZer.o [6]
  .text              ro code   0x800'1e08    0xec  at32f421_int.o [4]
  .text              ro code   0x800'1ef4     0x8  wk_system.o [4]
  .text              ro code   0x800'1efc    0x6c  ar_water_det.o [1]
  .text              ro code   0x800'1f68    0x10  wk_system.o [4]
  .text              ro code   0x800'1f78    0xd0  main.o [4]
  .text              ro code   0x800'2048    0x44  wk_system.o [4]
  .text              ro code   0x800'208c    0x28  data_init.o [6]
  .iar.init_table    const     0x800'20b4    0x10  - Linker created -
  .text              ro code   0x800'20c4    0x1e  cmain.o [6]
  .text              ro code   0x800'20e2     0x4  low_level_init.o [5]
  .text              ro code   0x800'20e6     0x4  exit.o [5]
  .text              ro code   0x800'20ec     0xa  cexit.o [6]
  .text              ro code   0x800'20f8    0x14  exit.o [7]
  .text              ro code   0x800'210c    0x1c  cstartup_M.o [6]
  .rodata            const     0x800'2128    0x10  at32f421_crm.o [3]
  .rodata            const     0x800'2138    0x10  system_at32f421.o [2]
  .text              ro code   0x800'2148    0x10  startup_at32f421.o [2]
  .rodata            const     0x800'2158     0x8  at32f421_crm.o [3]
  .rodata            const     0x800'2160     0x8  at32f421_crm.o [3]
  .rodata            const     0x800'2168     0x8  at32f421_crm.o [3]
  .text              ro code   0x800'2170     0x4  startup_at32f421.o [2]
  .text              ro code   0x800'2174     0x4  startup_at32f421.o [2]
  .text              ro code   0x800'2178     0x4  startup_at32f421.o [2]
  .text              ro code   0x800'217c     0x4  startup_at32f421.o [2]
  .text              ro code   0x800'2180     0x4  startup_at32f421.o [2]
  .text              ro code   0x800'2184     0x4  startup_at32f421.o [2]
  .text              ro code   0x800'2188     0x4  startup_at32f421.o [2]
  .text              ro code   0x800'218c     0x4  startup_at32f421.o [2]
  .text              ro code   0x800'2190     0x4  startup_at32f421.o [2]
  .text              ro code   0x800'2194     0x4  startup_at32f421.o [2]
  .text              ro code   0x800'2198     0x4  startup_at32f421.o [2]
  .text              ro code   0x800'219c     0x4  startup_at32f421.o [2]
  .text              ro code   0x800'21a0     0x4  startup_at32f421.o [2]
  .text              ro code   0x800'21a4     0x4  startup_at32f421.o [2]
  .text              ro code   0x800'21a8     0x4  startup_at32f421.o [2]
  .text              ro code   0x800'21ac     0x4  startup_at32f421.o [2]
  .text              ro code   0x800'21b0     0x4  startup_at32f421.o [2]
  .text              ro code   0x800'21b4     0x4  startup_at32f421.o [2]
  .text              ro code   0x800'21b8     0x4  startup_at32f421.o [2]
  .text              ro code   0x800'21bc     0x4  startup_at32f421.o [2]
  .text              ro code   0x800'21c0     0x4  startup_at32f421.o [2]
  .rodata            const     0x800'21c4     0x0  packbits_init_single.o [6]
  Initializer bytes  const     0x800'21c4     0x7  <for P2-1>
                             - 0x800'21cb  0x20ff

"P2", part 1 of 2:                           0x1f
  P2-1                        0x2000'0000    0x1f  <Init block>
    .bss             inited   0x2000'0000     0x8  wk_system.o [4]
    .data            inited   0x2000'0008     0x4  system_at32f421.o [2]
    .bss             inited   0x2000'000c     0xc  ar_water_det.o [1]
    .bss             inited   0x2000'0018     0x4  wk_system.o [4]
    .bss             inited   0x2000'001c     0x2  ar_water_det.o [1]
    .bss             inited   0x2000'001e     0x1  ar_water_det.o [1]
                            - 0x2000'001f    0x1f

"P2", part 2 of 2:                          0x400
  CSTACK                      0x2000'0020   0x400  <Block>
    CSTACK           uninit   0x2000'0020   0x400  <Block tail>
                            - 0x2000'0420   0x400

Unused ranges:

         From           To    Size
         ----           --    ----
   0x800'21cb   0x800'ffff  0xde35
  0x2000'001f  0x2000'001f     0x1
  0x2000'0420  0x2000'3fff  0x3be0


*******************************************************************************
*** INIT TABLE
***

          Address      Size
          -------      ----
Copy/packbits (__iar_packbits_init_single3)
    1 source range, total size 0x7 (22% of destination):
           0x800'21c4   0x7
    1 destination range, total size 0x1f:
          0x2000'0000  0x1f



*******************************************************************************
*** MODULE SUMMARY
***

    Module                  ro code  ro data  rw data
    ------                  -------  -------  -------
command line/config:
    -------------------------------------------------
    Total:

E:\MCU\AT32\at32f421k8\project\IAR_V9.3\at32f421k8\Obj\bsp: [1]
    ar_water_det.o              108        4       15
    -------------------------------------------------
    Total:                      108        4       15

E:\MCU\AT32\at32f421k8\project\IAR_V9.3\at32f421k8\Obj\cmsis: [2]
    startup_at32f421.o          304
    system_at32f421.o           420       17        4
    -------------------------------------------------
    Total:                      724       17        4

E:\MCU\AT32\at32f421k8\project\IAR_V9.3\at32f421k8\Obj\firmware: [3]
    at32f421_adc.o              486
    at32f421_crm.o            1'160       40
    at32f421_dma.o              228
    at32f421_exint.o            144
    at32f421_gpio.o             244
    at32f421_misc.o             268
    at32f421_scfg.o             172
    at32f421_tmr.o              780
    at32f421_usart.o            406
    -------------------------------------------------
    Total:                    3'888       40

E:\MCU\AT32\at32f421k8\project\IAR_V9.3\at32f421k8\Obj\user: [4]
    at32f421_int.o              236
    at32f421_wk_config.o      2'552
    main.o                      208
    wk_system.o                  92        2       12
    -------------------------------------------------
    Total:                    3'088        2       12

dl7M_tlf.a: [5]
    exit.o                        4
    low_level_init.o              4
    -------------------------------------------------
    Total:                        8

rt7M_tl.a: [6]
    I64DivMod.o                 560
    I64DivZer.o                   2
    cexit.o                      10
    cmain.o                      30
    cstartup_M.o                 28
    data_init.o                  40
    packbits_init_single.o       58
    -------------------------------------------------
    Total:                      728

shb_l.a: [7]
    exit.o                       20
    -------------------------------------------------
    Total:                       20

    Gaps                          8
    Linker created                        16    1'024
-----------------------------------------------------
    Grand Total:              8'572       79    1'055


*******************************************************************************
*** ENTRY LIST
***

Entry                       Address   Size  Type      Object
-----                       -------   ----  ----      ------
.iar.init_table$$Base    0x800'20b4          --   Gb  - Linker created -
.iar.init_table$$Limit   0x800'20c4          --   Gb  - Linker created -
?main                    0x800'20c5         Code  Gb  cmain.o [6]
ADC1_CMP_IRQHandler      0x800'2199         Code  Wk  startup_at32f421.o [2]
BusFault_Handler         0x800'1e0f    0x2  Code  Gb  at32f421_int.o [4]
CRM_IRQHandler           0x800'2181         Code  Wk  startup_at32f421.o [2]
CSTACK$$Base            0x2000'0020          --   Gb  - Linker created -
CSTACK$$Limit           0x2000'0420          --   Gb  - Linker created -
DMA1_Channel1_IRQHandler
                         0x800'2191         Code  Wk  startup_at32f421.o [2]
DMA1_Channel3_2_IRQHandler
                         0x800'1e31    0x2  Code  Gb  at32f421_int.o [4]
DMA1_Channel5_4_IRQHandler
                         0x800'2195         Code  Wk  startup_at32f421.o [2]
DebugMon_Handler         0x800'1e15    0x2  Code  Gb  at32f421_int.o [4]
ERTC_IRQHandler          0x800'2179         Code  Wk  startup_at32f421.o [2]
EXINT15_4_IRQHandler     0x800'218d         Code  Wk  startup_at32f421.o [2]
EXINT1_0_IRQHandler      0x800'2185         Code  Wk  startup_at32f421.o [2]
EXINT3_2_IRQHandler      0x800'2189         Code  Wk  startup_at32f421.o [2]
FLASH_IRQHandler         0x800'217d         Code  Wk  startup_at32f421.o [2]
HardFault_Handler        0x800'1e0b    0x2  Code  Gb  at32f421_int.o [4]
I2C1_ERR_IRQHandler      0x800'21bd         Code  Wk  startup_at32f421.o [2]
I2C1_EVT_IRQHandler      0x800'21ad         Code  Wk  startup_at32f421.o [2]
I2C2_ERR_IRQHandler      0x800'21c1         Code  Wk  startup_at32f421.o [2]
I2C2_EVT_IRQHandler      0x800'21b1         Code  Wk  startup_at32f421.o [2]
MemManage_Handler        0x800'1e0d    0x2  Code  Gb  at32f421_int.o [4]
NMI_Handler              0x800'1e09    0x2  Code  Gb  at32f421_int.o [4]
NVIC_EncodePriority      0x800'1155   0x3c  Code  Lc  at32f421_misc.o [3]
NVIC_EncodePriority      0x800'0101   0x3c  Code  Lc  at32f421_wk_config.o [4]
PVM_IRQHandler           0x800'2175         Code  Wk  startup_at32f421.o [2]
PendSV_Handler           0x800'1e17    0x2  Code  Gb  at32f421_int.o [4]
Region$$Table$$Base      0x800'20b4          --   Gb  - Linker created -
Region$$Table$$Limit     0x800'20c4          --   Gb  - Linker created -
Reset_Handler            0x800'2149         Code  Wk  startup_at32f421.o [2]
SPI1_IRQHandler          0x800'21b5         Code  Wk  startup_at32f421.o [2]
SPI2_IRQHandler          0x800'21b9         Code  Wk  startup_at32f421.o [2]
SVC_Handler              0x800'1e13    0x2  Code  Gb  at32f421_int.o [4]
SysTick_Handler          0x800'1e19   0x18  Code  Gb  at32f421_int.o [4]
SystemInit               0x800'0f4d   0x56  Code  Gb  system_at32f421.o [2]
TMR14_GLOBAL_IRQHandler
                         0x800'219d         Code  Wk  startup_at32f421.o [2]
TMR15_GLOBAL_IRQHandler
                         0x800'21a1         Code  Wk  startup_at32f421.o [2]
TMR16_GLOBAL_IRQHandler
                         0x800'21a5         Code  Wk  startup_at32f421.o [2]
TMR17_GLOBAL_IRQHandler
                         0x800'21a9         Code  Wk  startup_at32f421.o [2]
TMR1_BRK_OVF_TRG_HALL_IRQHandler
                         0x800'1e33   0x22  Code  Gb  at32f421_int.o [4]
TMR1_CH_IRQHandler       0x800'1e55   0x58  Code  Gb  at32f421_int.o [4]
TMR3_GLOBAL_IRQHandler   0x800'1ead   0x1a  Code  Gb  at32f421_int.o [4]
TMR6_GLOBAL_IRQHandler   0x800'1ec7   0x1a  Code  Gb  at32f421_int.o [4]
USART1_IRQHandler        0x800'1ef1    0x2  Code  Gb  at32f421_int.o [4]
USART2_IRQHandler        0x800'1ef3    0x2  Code  Gb  at32f421_int.o [4]
UsageFault_Handler       0x800'1e11    0x2  Code  Gb  at32f421_int.o [4]
WWDT_IRQHandler          0x800'2171         Code  Wk  startup_at32f421.o [2]
__NVIC_EnableIRQ         0x800'1115   0x1c  Code  Lc  at32f421_misc.o [3]
__NVIC_GetPriorityGrouping
                         0x800'110b    0xa  Code  Lc  at32f421_misc.o [3]
__NVIC_GetPriorityGrouping
                         0x800'00cd    0xc  Code  Lc  at32f421_wk_config.o [4]
__NVIC_SetPriority       0x800'1131   0x24  Code  Lc  at32f421_misc.o [3]
__NVIC_SetPriority       0x800'00d9   0x28  Code  Lc  at32f421_wk_config.o [4]
__NVIC_SetPriorityGrouping
                         0x800'10f1   0x1a  Code  Lc  at32f421_misc.o [3]
__aeabi_ldiv0            0x800'1e05         Code  Gb  I64DivZer.o [6]
__aeabi_uldivmod         0x800'1bd5         Code  Gb  I64DivMod.o [6]
__cmain                  0x800'20c5         Code  Gb  cmain.o [6]
__exit                   0x800'20f9   0x14  Code  Gb  exit.o [7]
__iar_data_init3         0x800'208d   0x28  Code  Gb  data_init.o [6]
__iar_packbits_init_single3
                         0x800'1613   0x3a  Code  Gb  packbits_init_single.o [6]
__iar_program_start      0x800'210d         Code  Gb  cstartup_M.o [6]
__low_level_init         0x800'20e3    0x4  Code  Gb  low_level_init.o [5]
__vector_table           0x800'0000         Data  Gb  startup_at32f421.o [2]
_call_main               0x800'20d1         Code  Gb  cmain.o [6]
_exit                    0x800'20ed         Code  Gb  cexit.o [6]
adc_base_config          0x800'146d   0x3c  Code  Gb  at32f421_adc.o [3]
adc_base_default_para_init
                         0x800'145b   0x12  Code  Gb  at32f421_adc.o [3]
adc_calibration_init     0x800'14b7    0xc  Code  Gb  at32f421_adc.o [3]
adc_calibration_init_status_get
                         0x800'14c3   0x12  Code  Gb  at32f421_adc.o [3]
adc_calibration_start    0x800'14d5    0xc  Code  Gb  at32f421_adc.o [3]
adc_calibration_status_get
                         0x800'14e1   0x12  Code  Gb  at32f421_adc.o [3]
adc_dma_mode_enable      0x800'14a9    0xe  Code  Gb  at32f421_adc.o [3]
adc_enable               0x800'144d    0xe  Code  Gb  at32f421_adc.o [3]
adc_ordinary_channel_set
                         0x800'14f3   0xc6  Code  Gb  at32f421_adc.o [3]
adc_ordinary_conversion_trigger_set
                         0x800'15b9   0x34  Code  Gb  at32f421_adc.o [3]
adc_ordinary_part_mode_enable
                         0x800'15ed    0xe  Code  Gb  at32f421_adc.o [3]
adc_ordinary_software_trigger_enable
                         0x800'1605    0xe  Code  Gb  at32f421_adc.o [3]
adc_reset                0x800'142d   0x20  Code  Gb  at32f421_adc.o [3]
crm_adc_clock_div_set    0x800'0c61   0x20  Code  Gb  at32f421_crm.o [3]
crm_ahb_div_set          0x800'0c37    0xe  Code  Gb  at32f421_crm.o [3]
crm_apb1_div_set         0x800'0c45    0xe  Code  Gb  at32f421_crm.o [3]
crm_apb2_div_set         0x800'0c53    0xe  Code  Gb  at32f421_crm.o [3]
crm_clock_source_enable
                         0x800'0bd1   0x66  Code  Gb  at32f421_crm.o [3]
crm_clocks_freq_get      0x800'0d97  0x146  Code  Gb  at32f421_crm.o [3]
crm_clocks_freq_get::adc_div_table
                         0x800'2168    0x8  Data  Lc  at32f421_crm.o [3]
crm_clocks_freq_get::ahb_apb1_div_table
                         0x800'2158    0x8  Data  Lc  at32f421_crm.o [3]
crm_clocks_freq_get::ahb_apb2_div_table
                         0x800'2160    0x8  Data  Lc  at32f421_crm.o [3]
crm_clocks_freq_get::sclk_ahb_div_table
                         0x800'2128   0x10  Data  Lc  at32f421_crm.o [3]
crm_flag_get             0x800'0b1f   0x2e  Code  Gb  at32f421_crm.o [3]
crm_periph_clock_enable
                         0x800'0b4d   0x42  Code  Gb  at32f421_crm.o [3]
crm_periph_reset         0x800'0b8f   0x42  Code  Gb  at32f421_crm.o [3]
crm_pll_config           0x800'0c81   0xd6  Code  Gb  at32f421_crm.o [3]
crm_reset                0x800'0ac5   0x5a  Code  Gb  at32f421_crm.o [3]
crm_sysclk_switch        0x800'0d57   0x34  Code  Gb  at32f421_crm.o [3]
crm_sysclk_switch_status_get
                         0x800'0d8b    0xc  Code  Gb  at32f421_crm.o [3]
dma_channel_enable       0x800'1b2d    0xc  Code  Gb  at32f421_dma.o [3]
dma_default_para_init    0x800'1b3d   0x2a  Code  Gb  at32f421_dma.o [3]
dma_init                 0x800'1b67   0x6e  Code  Gb  at32f421_dma.o [3]
dma_reset                0x800'1af1   0x3c  Code  Gb  at32f421_dma.o [3]
exint_default_para_init
                         0x800'139d   0x12  Code  Gb  at32f421_exint.o [3]
exint_init               0x800'13af   0x6c  Code  Gb  at32f421_exint.o [3]
exit                     0x800'20e7    0x4  Code  Gb  exit.o [5]
g_au16ADCVal            0x2000'000c    0xc  Data  Gb  ar_water_det.o [1]
g_system_runTime        0x2000'0000    0x8  Data  Gb  wk_system.o [4]
g_u16VoltageValue       0x2000'001c    0x2  Data  Gb  ar_water_det.o [1]
g_u8Updated             0x2000'001e    0x1  Data  Gb  ar_water_det.o [1]
gpio_bits_reset          0x800'1297    0x6  Code  Gb  at32f421_gpio.o [3]
gpio_bits_set            0x800'1291    0x6  Code  Gb  at32f421_gpio.o [3]
gpio_default_para_init   0x800'1279   0x18  Code  Gb  at32f421_gpio.o [3]
gpio_init                0x800'11fd   0x7c  Code  Gb  at32f421_gpio.o [3]
gpio_pin_mux_config      0x800'129d   0x54  Code  Gb  at32f421_gpio.o [3]
main                     0x800'1f79   0xd0  Code  Gb  main.o [4]
nvic_irq_enable          0x800'1191   0x2a  Code  Gb  at32f421_misc.o [3]
nvic_priority_group_config
                         0x800'11bb    0xa  Code  Gb  at32f421_misc.o [3]
scfg_exint_line_config   0x800'12f1   0x9a  Code  Gb  at32f421_scfg.o [3]
set_water_pwm_n_high     0x800'1f15   0x10  Code  Gb  ar_water_det.o [1]
set_water_pwm_n_low      0x800'1f25   0x10  Code  Gb  ar_water_det.o [1]
set_water_pwm_p_high     0x800'1efd    0xc  Code  Gb  ar_water_det.o [1]
set_water_pwm_p_low      0x800'1f09    0xc  Code  Gb  ar_water_det.o [1]
system_core_clock       0x2000'0008    0x4  Data  Gb  system_at32f421.o [2]
system_core_clock_update
                         0x800'0fa3  0x11a  Code  Gb  system_at32f421.o [2]
system_core_clock_update::sys_ahb_div_table
                         0x800'2138   0x10  Data  Lc  system_at32f421.o [2]
systick_clock_source_config
                         0x800'11c5   0x1e  Code  Gb  at32f421_misc.o [3]
timebase_ticks          0x2000'0018    0x4  Data  Gb  wk_system.o [4]
tmr_base_init            0x800'1659   0x10  Code  Gb  at32f421_tmr.o [3]
tmr_brkdt_config         0x800'18f3   0x66  Code  Gb  at32f421_tmr.o [3]
tmr_channel_value_set    0x800'17b9   0x28  Code  Gb  at32f421_tmr.o [3]
tmr_clock_source_div_set
                         0x800'1669    0xa  Code  Gb  at32f421_tmr.o [3]
tmr_cnt_dir_set          0x800'1673    0xa  Code  Gb  at32f421_tmr.o [3]
tmr_counter_enable       0x800'164d    0xc  Code  Gb  at32f421_tmr.o [3]
tmr_flag_clear           0x800'18df    0x6  Code  Gb  at32f421_tmr.o [3]
tmr_interrupt_enable     0x800'18a7   0x20  Code  Gb  at32f421_tmr.o [3]
tmr_interrupt_flag_get   0x800'18c7   0x18  Code  Gb  at32f421_tmr.o [3]
tmr_output_channel_buffer_enable
                         0x800'17ed   0x50  Code  Gb  at32f421_tmr.o [3]
tmr_output_channel_config
                         0x800'1689  0x130  Code  Gb  at32f421_tmr.o [3]
tmr_output_channel_immediately_set
                         0x800'183d   0x50  Code  Gb  at32f421_tmr.o [3]
tmr_output_enable        0x800'18e5    0xe  Code  Gb  at32f421_tmr.o [3]
tmr_period_buffer_enable
                         0x800'17e1    0xc  Code  Gb  at32f421_tmr.o [3]
tmr_primary_mode_select
                         0x800'188d    0xc  Code  Gb  at32f421_tmr.o [3]
tmr_repetition_counter_set
                         0x800'167d    0xc  Code  Gb  at32f421_tmr.o [3]
tmr_sub_sync_mode_set    0x800'1899    0xe  Code  Gb  at32f421_tmr.o [3]
usart_dma_receiver_enable
                         0x800'1a63    0xe  Code  Gb  at32f421_usart.o [3]
usart_dma_transmitter_enable
                         0x800'1a55    0xe  Code  Gb  at32f421_usart.o [3]
usart_enable             0x800'1a2b    0xe  Code  Gb  at32f421_usart.o [3]
usart_hardware_flow_control_set
                         0x800'1a71   0x7e  Code  Gb  at32f421_usart.o [3]
usart_init               0x800'1959   0x6e  Code  Gb  at32f421_usart.o [3]
usart_parity_selection_config
                         0x800'19cd   0x5e  Code  Gb  at32f421_usart.o [3]
usart_receiver_enable    0x800'1a47    0xe  Code  Gb  at32f421_usart.o [3]
usart_transmitter_enable
                         0x800'1a39    0xe  Code  Gb  at32f421_usart.o [3]
water_det_value_update   0x800'1f35    0xc  Code  Gb  ar_water_det.o [1]
water_det_voltage_mv_get
                         0x800'1f41   0x16  Code  Gb  ar_water_det.o [1]
wk_adc1_init             0x800'03cf  0x12a  Code  Gb  at32f421_wk_config.o [4]
wk_dma1_channel1_init    0x800'0931   0x48  Code  Gb  at32f421_wk_config.o [4]
wk_dma1_channel2_init    0x800'0979   0x48  Code  Gb  at32f421_wk_config.o [4]
wk_dma1_channel3_init    0x800'09c1   0x48  Code  Gb  at32f421_wk_config.o [4]
wk_dma1_channel5_init    0x800'0a09   0x48  Code  Gb  at32f421_wk_config.o [4]
wk_dma_channel_config    0x800'0a51    0xa  Code  Gb  at32f421_wk_config.o [4]
wk_exint_config          0x800'037d   0x52  Code  Gb  at32f421_wk_config.o [4]
wk_gpio_config           0x800'030f   0x6e  Code  Gb  at32f421_wk_config.o [4]
wk_nvic_config           0x800'0225   0xea  Code  Gb  at32f421_wk_config.o [4]
wk_periph_clock_config   0x800'01b3   0x72  Code  Gb  at32f421_wk_config.o [4]
wk_system_clock_config   0x800'013d   0x76  Code  Gb  at32f421_wk_config.o [4]
wk_timebase_handler      0x800'1ef5    0x8  Code  Wk  wk_system.o [4]
wk_timebase_increase     0x800'1f69   0x10  Code  Wk  wk_system.o [4]
wk_timebase_init         0x800'2049   0x44  Code  Wk  wk_system.o [4]
wk_tmr14_init            0x800'070f   0xba  Code  Gb  at32f421_wk_config.o [4]
wk_tmr1_init             0x800'04f9  0x188  Code  Gb  at32f421_wk_config.o [4]
wk_tmr3_init             0x800'0681   0x4e  Code  Gb  at32f421_wk_config.o [4]
wk_tmr6_init             0x800'06cf   0x40  Code  Gb  at32f421_wk_config.o [4]
wk_usart1_init           0x800'07c9   0xba  Code  Gb  at32f421_wk_config.o [4]
wk_usart2_init           0x800'0883   0xae  Code  Gb  at32f421_wk_config.o [4]


[1] = E:\MCU\AT32\at32f421k8\project\IAR_V9.3\at32f421k8\Obj\bsp
[2] = E:\MCU\AT32\at32f421k8\project\IAR_V9.3\at32f421k8\Obj\cmsis
[3] = E:\MCU\AT32\at32f421k8\project\IAR_V9.3\at32f421k8\Obj\firmware
[4] = E:\MCU\AT32\at32f421k8\project\IAR_V9.3\at32f421k8\Obj\user
[5] = dl7M_tlf.a
[6] = rt7M_tl.a
[7] = shb_l.a

  8'572 bytes of readonly  code memory
     79 bytes of readonly  data memory
  1'055 bytes of readwrite data memory

Errors: none
Warnings: none
